Processors number   Time (average)      Speed-up       Efficiency     
1                   0.00012             1.00000        1.00000        
2                   0.00168             0.07266        0.03633        
3                   0.00289             0.04224        0.01408        
4                   0.00359             0.03402        0.00851        
5                   0.00390             0.03129        0.00626        
6                   0.00510             0.02391        0.00398        
7                   0.00597             0.02042        0.00292        
8                   0.00723             0.01687        0.00211        
