Processors number   Time (average)      Speed-up       Efficiency     
1                   0.99057             1.00000        1.00000        
2                   0.51568             1.92088        0.96044        
3                   0.33705             2.93896        0.97965        
4                   0.25565             3.87464        0.96866        
5                   0.20706             4.78394        0.95679        
6                   0.17333             5.71499        0.95250        
7                   0.15050             6.58189        0.94027        
8                   0.13339             7.42622        0.92828        
