Processors number   Time (average)      Speed-up       Efficiency     
1                   1.36929             1.00000        1.00000        
4                   0.31782             4.30841        1.07710        
