Processors number   Time (average)      Speed-up       Efficiency     
1                   0.27465             1.00000        1.00000        
4                   0.06948             3.95299        0.98825        
