Processors number   Time (average)      Speed-up       Efficiency     
1                   13.94949            1.00000        1.00000        
4                   2.74890             5.07457        1.26864        
